------------------------------------------------------------
TimeQuest Timing Analyzer Summary
------------------------------------------------------------

Type  : Slow 1200mV 85C Model Setup 'CLOCK_50'
Slack : -5.177
TNS   : -224.999

Type  : Slow 1200mV 85C Model Setup 'auxClock'
Slack : -2.332
TNS   : -31.290

Type  : Slow 1200mV 85C Model Hold 'CLOCK_50'
Slack : 0.403
TNS   : 0.000

Type  : Slow 1200mV 85C Model Hold 'auxClock'
Slack : 0.403
TNS   : 0.000

Type  : Slow 1200mV 85C Model Recovery 'CLOCK_50'
Slack : -1.350
TNS   : -24.849

Type  : Slow 1200mV 85C Model Removal 'CLOCK_50'
Slack : 1.074
TNS   : 0.000

Type  : Slow 1200mV 85C Model Minimum Pulse Width 'CLOCK_50'
Slack : -3.000
TNS   : -85.240

Type  : Slow 1200mV 85C Model Minimum Pulse Width 'auxClock'
Slack : -1.285
TNS   : -29.555

Type  : Slow 1200mV 0C Model Setup 'CLOCK_50'
Slack : -4.620
TNS   : -199.016

Type  : Slow 1200mV 0C Model Setup 'auxClock'
Slack : -2.017
TNS   : -26.664

Type  : Slow 1200mV 0C Model Hold 'CLOCK_50'
Slack : 0.355
TNS   : 0.000

Type  : Slow 1200mV 0C Model Hold 'auxClock'
Slack : 0.366
TNS   : 0.000

Type  : Slow 1200mV 0C Model Recovery 'CLOCK_50'
Slack : -1.115
TNS   : -20.005

Type  : Slow 1200mV 0C Model Removal 'CLOCK_50'
Slack : 0.962
TNS   : 0.000

Type  : Slow 1200mV 0C Model Minimum Pulse Width 'CLOCK_50'
Slack : -3.000
TNS   : -85.240

Type  : Slow 1200mV 0C Model Minimum Pulse Width 'auxClock'
Slack : -1.285
TNS   : -29.555

Type  : Fast 1200mV 0C Model Setup 'CLOCK_50'
Slack : -2.007
TNS   : -79.258

Type  : Fast 1200mV 0C Model Setup 'auxClock'
Slack : -0.617
TNS   : -6.061

Type  : Fast 1200mV 0C Model Hold 'auxClock'
Slack : 0.162
TNS   : 0.000

Type  : Fast 1200mV 0C Model Hold 'CLOCK_50'
Slack : 0.183
TNS   : 0.000

Type  : Fast 1200mV 0C Model Recovery 'CLOCK_50'
Slack : -0.154
TNS   : -1.178

Type  : Fast 1200mV 0C Model Removal 'CLOCK_50'
Slack : 0.493
TNS   : 0.000

Type  : Fast 1200mV 0C Model Minimum Pulse Width 'CLOCK_50'
Slack : -3.000
TNS   : -71.267

Type  : Fast 1200mV 0C Model Minimum Pulse Width 'auxClock'
Slack : -1.000
TNS   : -23.000

------------------------------------------------------------
